
> react-kavia@0.1.0 start
> react-scripts start

(node:316) [DEP_WEBPACK_DEV_SERVER_ON_AFTER_SETUP_MIDDLEWARE] DeprecationWarning: 'onAfterSetupMiddleware' option is deprecated. Please use the 'setupMiddlewares' option.
(Use `node --trace-deprecation ...` to show where the warning was created)
(node:316) [DEP_WEBPACK_DEV_SERVER_ON_BEFORE_SETUP_MIDDLEWARE] DeprecationWarning: 'onBeforeSetupMiddleware' option is deprecated. Please use the 'setupMiddlewares' option.
Starting the development server...

Compiled successfully!

You can now view react-kavia in the browser.

  Local:            http://localhost:3000
  On Your Network:  http://172.17.0.2:3000

Note that the development build is not optimized.
To create a production build, use npm run build.

webpack compiled successfully
Compiling...
Failed to compile.

Module not found: Error: Can't resolve './components/MapDashboard' in '/home/kavia/workspace/code-generation/microconnect-hub-34447-4151591f/microconnect_hub/src'
ERROR in ./src/App.js 7:0-53
Module not found: Error: Can't resolve './components/MapDashboard' in '/home/kavia/workspace/code-generation/microconnect-hub-34447-4151591f/microconnect_hub/src'

ERROR in ./src/App.js 8:0-55
Module not found: Error: Can't resolve './components/SkillExchange' in '/home/kavia/workspace/code-generation/microconnect-hub-34447-4151591f/microconnect_hub/src'

ERROR in ./src/App.js 9:0-61
Module not found: Error: Can't resolve './components/ResourceExchange' in '/home/kavia/workspace/code-generation/microconnect-hub-34447-4151591f/microconnect_hub/src'

ERROR in ./src/App.js 10:0-55
Module not found: Error: Can't resolve './components/CommunityFund' in '/home/kavia/workspace/code-generation/microconnect-hub-34447-4151591f/microconnect_hub/src'

ERROR in ./src/App.js 11:0-55
Module not found: Error: Can't resolve './components/CrisisSupport' in '/home/kavia/workspace/code-generation/microconnect-hub-34447-4151591f/microconnect_hub/src'

ERROR in ./src/App.js 12:0-51
Module not found: Error: Can't resolve './components/UserProfile' in '/home/kavia/workspace/code-generation/microconnect-hub-34447-4151591f/microconnect_hub/src'

ERROR in ./src/App.js 13:0-45
Module not found: Error: Can't resolve './components/AIAlerts' in '/home/kavia/workspace/code-generation/microconnect-hub-34447-4151591f/microconnect_hub/src'

webpack compiled with 7 errors
Compiling...
Failed to compile.

Module not found: Error: Can't resolve './components/SkillExchange' in '/home/kavia/workspace/code-generation/microconnect-hub-34447-4151591f/microconnect_hub/src'
ERROR in ./src/App.js 8:0-55
Module not found: Error: Can't resolve './components/SkillExchange' in '/home/kavia/workspace/code-generation/microconnect-hub-34447-4151591f/microconnect_hub/src'

ERROR in ./src/App.js 9:0-61
Module not found: Error: Can't resolve './components/ResourceExchange' in '/home/kavia/workspace/code-generation/microconnect-hub-34447-4151591f/microconnect_hub/src'

ERROR in ./src/App.js 10:0-55
Module not found: Error: Can't resolve './components/CommunityFund' in '/home/kavia/workspace/code-generation/microconnect-hub-34447-4151591f/microconnect_hub/src'

ERROR in ./src/App.js 11:0-55
Module not found: Error: Can't resolve './components/CrisisSupport' in '/home/kavia/workspace/code-generation/microconnect-hub-34447-4151591f/microconnect_hub/src'

ERROR in ./src/App.js 12:0-51
Module not found: Error: Can't resolve './components/UserProfile' in '/home/kavia/workspace/code-generation/microconnect-hub-34447-4151591f/microconnect_hub/src'

ERROR in ./src/App.js 13:0-45
Module not found: Error: Can't resolve './components/AIAlerts' in '/home/kavia/workspace/code-generation/microconnect-hub-34447-4151591f/microconnect_hub/src'

ERROR in ./src/components/MapDashboard.js 5:0-28
Module not found: Error: Can't resolve './MapDashboard.css' in '/home/kavia/workspace/code-generation/microconnect-hub-34447-4151591f/microconnect_hub/src/components'

webpack compiled with 7 errors
Compiling...
Failed to compile.

Module not found: Error: Can't resolve './components/ResourceExchange' in '/home/kavia/workspace/code-generation/microconnect-hub-34447-4151591f/microconnect_hub/src'
ERROR in ./src/App.js 9:0-61
Module not found: Error: Can't resolve './components/ResourceExchange' in '/home/kavia/workspace/code-generation/microconnect-hub-34447-4151591f/microconnect_hub/src'

ERROR in ./src/App.js 10:0-55
Module not found: Error: Can't resolve './components/CommunityFund' in '/home/kavia/workspace/code-generation/microconnect-hub-34447-4151591f/microconnect_hub/src'

ERROR in ./src/App.js 11:0-55
Module not found: Error: Can't resolve './components/CrisisSupport' in '/home/kavia/workspace/code-generation/microconnect-hub-34447-4151591f/microconnect_hub/src'

ERROR in ./src/App.js 12:0-51
Module not found: Error: Can't resolve './components/UserProfile' in '/home/kavia/workspace/code-generation/microconnect-hub-34447-4151591f/microconnect_hub/src'

ERROR in ./src/App.js 13:0-45
Module not found: Error: Can't resolve './components/AIAlerts' in '/home/kavia/workspace/code-generation/microconnect-hub-34447-4151591f/microconnect_hub/src'

ERROR in ./src/components/MapDashboard.js 5:0-28
Module not found: Error: Can't resolve './MapDashboard.css' in '/home/kavia/workspace/code-generation/microconnect-hub-34447-4151591f/microconnect_hub/src/components'

ERROR in ./src/components/SkillExchange.js 6:0-29
Module not found: Error: Can't resolve './SkillExchange.css' in '/home/kavia/workspace/code-generation/microconnect-hub-34447-4151591f/microconnect_hub/src/components'

webpack compiled with 7 errors
Compiling...
Failed to compile.

Module not found: Error: Can't resolve './components/CommunityFund' in '/home/kavia/workspace/code-generation/microconnect-hub-34447-4151591f/microconnect_hub/src'
ERROR in ./src/App.js 10:0-55
Module not found: Error: Can't resolve './components/CommunityFund' in '/home/kavia/workspace/code-generation/microconnect-hub-34447-4151591f/microconnect_hub/src'

ERROR in ./src/App.js 11:0-55
Module not found: Error: Can't resolve './components/CrisisSupport' in '/home/kavia/workspace/code-generation/microconnect-hub-34447-4151591f/microconnect_hub/src'

ERROR in ./src/App.js 12:0-51
Module not found: Error: Can't resolve './components/UserProfile' in '/home/kavia/workspace/code-generation/microconnect-hub-34447-4151591f/microconnect_hub/src'

ERROR in ./src/App.js 13:0-45
Module not found: Error: Can't resolve './components/AIAlerts' in '/home/kavia/workspace/code-generation/microconnect-hub-34447-4151591f/microconnect_hub/src'

ERROR in ./src/components/MapDashboard.js 5:0-28
Module not found: Error: Can't resolve './MapDashboard.css' in '/home/kavia/workspace/code-generation/microconnect-hub-34447-4151591f/microconnect_hub/src/components'

ERROR in ./src/components/ResourceExchange.js 6:0-32
Module not found: Error: Can't resolve './ResourceExchange.css' in '/home/kavia/workspace/code-generation/microconnect-hub-34447-4151591f/microconnect_hub/src/components'

ERROR in ./src/components/SkillExchange.js 6:0-29
Module not found: Error: Can't resolve './SkillExchange.css' in '/home/kavia/workspace/code-generation/microconnect-hub-34447-4151591f/microconnect_hub/src/components'

webpack compiled with 7 errors
Compiling...
Failed to compile.

Module not found: Error: Can't resolve './components/CrisisSupport' in '/home/kavia/workspace/code-generation/microconnect-hub-34447-4151591f/microconnect_hub/src'
ERROR in ./src/App.js 11:0-55
Module not found: Error: Can't resolve './components/CrisisSupport' in '/home/kavia/workspace/code-generation/microconnect-hub-34447-4151591f/microconnect_hub/src'

ERROR in ./src/App.js 12:0-51
Module not found: Error: Can't resolve './components/UserProfile' in '/home/kavia/workspace/code-generation/microconnect-hub-34447-4151591f/microconnect_hub/src'

ERROR in ./src/App.js 13:0-45
Module not found: Error: Can't resolve './components/AIAlerts' in '/home/kavia/workspace/code-generation/microconnect-hub-34447-4151591f/microconnect_hub/src'

ERROR in ./src/components/CommunityFund.js 6:0-29
Module not found: Error: Can't resolve './CommunityFund.css' in '/home/kavia/workspace/code-generation/microconnect-hub-34447-4151591f/microconnect_hub/src/components'

ERROR in ./src/components/MapDashboard.js 5:0-28
Module not found: Error: Can't resolve './MapDashboard.css' in '/home/kavia/workspace/code-generation/microconnect-hub-34447-4151591f/microconnect_hub/src/components'

ERROR in ./src/components/ResourceExchange.js 6:0-32
Module not found: Error: Can't resolve './ResourceExchange.css' in '/home/kavia/workspace/code-generation/microconnect-hub-34447-4151591f/microconnect_hub/src/components'

ERROR in ./src/components/SkillExchange.js 6:0-29
Module not found: Error: Can't resolve './SkillExchange.css' in '/home/kavia/workspace/code-generation/microconnect-hub-34447-4151591f/microconnect_hub/src/components'

webpack compiled with 7 errors
